// Jest Snapshot v1, https://goo.gl/fbAQLP

exports[`renders elements on quote page 1`] = `
<h2>
  Quote
</h2>
`;
